int Keyword Tint 2  2
ff Identifier TIdentifier 2  2
( Operator T( 2  2
) Operator T) 2  2
{ Operator T{ 3  3
int Keyword Tint 5  5
x Identifier TIdentifier 5  5
= Operator T= 5  5
0 Constant TIntConstant 5  5
& Operator T& 5  5
0 Constant TIntConstant 5  5
; Operator T; 5  5
int Keyword Tint 6  6
u Identifier TIdentifier 6  6
= Operator T= 6  6
x Identifier TIdentifier 6  6
| Operator T| 6  6
x Identifier TIdentifier 6  6
; Operator T; 6  6
int Keyword Tint 7  7
y Identifier TIdentifier 7  7
= Operator T= 7  7
u Identifier TIdentifier 7  7
^ Operator T^ 7  7
~ Operator T~ 7  7
x Identifier TIdentifier 7  7
; Operator T; 7  7
return Keyword Treturn 10  10
y Identifier TIdentifier 10  10
; Operator T; 10  10
} Operator T} 11  11
