.0075e2 Constant TFloatConstant 1  1
0.075e1 Constant TFloatConstant 2  2
.075e1 Constant TFloatConstant 3  3
75e-2 Constant TFloatConstant 4  4
15.75 Constant TFloatConstant 5  5
1.575E1L Constant TFloatConstant 6  6
1575e-2l Constant TFloatConstant 7  7
- Operator T- 8  8
2.5e-3 Constant TFloatConstant 8  8
25E-4F Constant TFloatConstant 9  9
10. Constant TFloatConstant 10  10
.7f Constant TFloatConstant 11  11
10.7 Constant TFloatConstant 12  12
3.E+2 Constant TFloatConstant 13  13
19.e-3l Constant TFloatConstant 14  14
25 Constant TIntConstant 16  16
. Operator T. 17  17
25 Constant TIntConstant 18  18
E Identifier TIdentifier 18  18
E25 Identifier TIdentifier 19  19
12.3f Constant TFloatConstant 20  20
l Identifier TIdentifier 20  20
