int Keyword Tint 1  1
a Identifier TIdentifier 1  1
= Operator T= 1  1
3 Constant TIntConstant 1  1
; Operator T; 1  1
float Keyword Tfloat 2  2
bla Identifier TIdentifier 2  2
= Operator T= 2  2
5 Constant TIntConstant 2  2
; Operator T; 2  2
double Keyword Tdouble 3  3
r Identifier TIdentifier 3  3
= Operator T= 3  3
4 Constant TIntConstant 3  3
; Operator T; 3  3
"(match this)" StringLiteral TStringLiteral 4  4
0 Constant TIntConstant 5  5
984278 Constant TIntConstant 5  5
