int Keyword Tint 2  2
main Identifier TIdentifier 2  2
( Operator T( 2  2
) Operator T) 2  2
{ Operator T{ 3  3
int Keyword Tint 5  5
x Identifier TIdentifier 5  5
= Operator T= 5  5
0 Constant TIntConstant 5  5
; Operator T; 5  5
int Keyword Tint 7  7
* Operator T* 7  7
y Identifier TIdentifier 7  7
= Operator T= 7  7
& Operator T& 7  7
x Identifier TIdentifier 7  7
; Operator T; 7  7
x Identifier TIdentifier 9  9
= Operator T= 9  9
y Identifier TIdentifier 9  9
[ Operator T[ 9  9
0 Constant TIntConstant 9  9
] Operator T] 9  9
; Operator T; 9  9
} Operator T} 11  11
