FUNCTION : x
SCOPE
VARIABLE : g
VARIABLE : b
VARIABLE : d
VARIABLE : f
FUNCTION : zz
    PARAM : a
    PARAM : b
    PARAM : c
SCOPE
    VARIABLE : a
    VARIABLE : b
    VARIABLE : c
    SCOPE
        VARIABLE : fsdfsdfs
    SCOPE
    SCOPE
