FUNCTION : bla
    PARAM : t
    PARAM : p
    PARAM : c
SCOPE
    (b)!=(((((a)*(b))-((((c)/(g))*(g))%(h)))-(b))+((a)|(b)))
    (b)==(((((a)*(b))-((((c)/(g))*(g))%(h)))-(b))+((a)|(b)))
    (a)||(b)
    (a)&&(b)
    (a)||(b)
    (a)=(!(b))
    (a)=(~(b))
    (A)||((b)&&((c)+(d)))
    (A)||((b)&&(c))
    ((a)|(b))||(((a)&(b))&&(c))
