VARIABLE : glob1
VARIABLE : glob2
VARIABLE : glob3
VARIABLE : a
FUNCTION : fn
    PARAM : a
    PARAM : b
    PARAM : c
    PARAM : d
    PARAM : e
    PARAM : f
    PARAM : g
SCOPE
    (c)=(++(b))
    (c)=(++(e))
    (c)=(++(f))
    (c)=(++(g))
    (glob3)=(++(c))
    (c)=(++(glob3))
    RETURN c
