FUNCTION : f
SCOPE
    WHILE LOOP
    CONDITION: 0
    SCOPE
        (a)=(&(b))
        (a)=(*(b))
        *((ptr)++)
        ++(*(ptr))
        (b)|=(((((a)*(b))-((((c)/(g))*(g))%(h)))-(b))+(*(a)))
        (b)|=(((((a)*(b))-((((c)/(g))*(g))%(h)))-(b))+(&(a)))
        (b)|=(((((a)*(b))-((((c)/(g))*(g))%(h)))-(b))+(&(a)))
        (b)|=(((((a)*(b))-((((c)/(g))*(g))%(h)))-(b))+(*(a)))
        (*(a))=(b)
        (*(a))=(&(b))
