FUNCTION : zz
    PARAM : a
    PARAM : b
    PARAM : c
SCOPE
50
